// Jest Snapshot v1, https://goo.gl/fbAQLP

exports[`Store should get a store 1`] = `
Object {
  "data": Object {
    "getStore": Object {
      "_id": Any<String>,
      "latitude": 42.23234,
      "longitude": 42.3223,
    },
  },
  "errors": undefined,
  "extensions": undefined,
  "http": Object {
    "headers": Headers {
      Symbol(map): Object {},
    },
  },
}
`;
